
> repair-pos-frontend@1.0.0 build
> next build

   Γû▓ Next.js 15.3.6
   - Environments: .env.local

   Creating an optimized production build ...
 Γ£ô Compiled successfully in 22.0s
   Linting and checking validity of types ...

./src/components/repairs/repairs-workspace-category-data.tsx
81:6  Warning: React Hook useEffect has missing dependencies: 'createCategory', 'deleteCategory', and 'updateCategory'. Either include them or remove the dependency array.  react-hooks/exhaustive-deps

./src/components/repairs/repairs-workspace-device-data.tsx
186:6  Warning: React Hook useEffect has missing dependencies: 'createIssue', 'createPart', 'deleteIssue', 'deletePart', 'updateIssue', and 'updatePart'. Either include them or remove the dependency array.  react-hooks/exhaustive-deps

./src/components/repairs/repairs-workspace-devices-data.tsx
146:6  Warning: React Hook useEffect has missing dependencies: 'createDevice', 'createDeviceSeries', 'deleteDevice', 'deleteDeviceSeries', 'updateDevice', and 'updateDeviceSeries'. Either include them or remove the dependency array.  react-hooks/exhaustive-deps

./src/components/repairs/repairs-workspace-manufacturer-data.tsx
103:6  Warning: React Hook useEffect has missing dependencies: 'createManufacturer', 'deleteManufacturer', and 'updateManufacturer'. Either include them or remove the dependency array.  react-hooks/exhaustive-deps

info  - Need to disable some ESLint rules? Learn more here: https://nextjs.org/docs/app/api-reference/config/eslint#disabling-rules
   Collecting page data ...
   Generating static pages (0/30) ...
   Generating static pages (7/30) 
   Generating static pages (14/30) 
   Generating static pages (22/30) 
 Γ£ô Generating static pages (30/30)
   Finalizing page optimization ...
   Collecting build traces ...

Route (app)                                    Size  First Load JS
Γöî Γùï /_not-found                               990 B         104 kB
Γö£ ╞Æ /book-repair/[deviceId]/[repairTypeId]    447 B         104 kB
Γö£ Γùï /customer                               12.3 kB         283 kB
Γö£ Γùï /dashboard                              7.25 kB         156 kB
Γö£ Γùï /icon.svg                                   0 B            0 B
Γö£ Γùï /inventory/count                        10.4 kB         235 kB
Γö£ Γùï /inventory/count/new                    6.12 kB         199 kB
Γö£ Γùï /inventory/miscellaneous                6.06 kB         186 kB
Γö£ Γùï /inventory/products                     9.88 kB         262 kB
Γö£ Γùï /inventory/products/new                   13 kB         286 kB
Γö£ Γùï /inventory/refurbishment                10.4 kB         235 kB
Γö£ Γùï /inventory/refurbishment/new            12.5 kB         231 kB
Γö£ Γùï /inventory/trade-in                     9.72 kB         190 kB
Γö£ Γùï /login                                  14.6 kB         255 kB
Γö£ Γùï /purchases                              13.7 kB         235 kB
Γö£ Γùï /purchases/new                          6.11 kB         199 kB
Γö£ Γùï /repairs                                8.01 kB         121 kB
Γö£ Γùï /repairs/manage-estimates               6.13 kB         191 kB
Γö£ Γùï /repairs/manage-estimates/create        6.28 kB         194 kB
Γö£ Γùï /repairs/manage-inquiries                 13 kB         196 kB
Γö£ Γùï /repairs/manage-invoices                9.12 kB         189 kB
Γö£ Γùï /repairs/manage-leads                   10.4 kB         191 kB
Γö£ Γùï /repairs/manage-tickets                 12.9 kB         196 kB
Γö£ Γùï /roles                                  8.66 kB         253 kB
Γö£ ╞Æ /roles/[id]/edit                          645 B         179 kB
Γö£ Γùï /roles/create                             629 B         179 kB
Γö£ Γùï /sales-commission-agents                  12 kB         267 kB
Γö£ Γùï /users                                  12.7 kB         238 kB
Γö£ ╞Æ /users/[id]/edit                          701 B         254 kB
Γöö Γùï /users/create                             681 B         253 kB
+ First Load JS shared by all                103 kB
  Γö£ chunks/1684-4b7857a4db14286c.js         46.6 kB
  Γö£ chunks/4bd1b696-30605aed14ef79a9.js     53.2 kB
  Γöö other shared chunks (total)             3.55 kB


Γùï  (Static)   prerendered as static content
╞Æ  (Dynamic)  server-rendered on demand

